// Jest Snapshot v1, https://goo.gl/fbAQLP

exports[`joinErrors should return a string with all messages joined 1`] = `
"[31mnope[39m
[31mbad[39m
[31mtry again[39m"
`;
